[backblue.gif]
[fade.gif]
[index.html]
[northmartin.com/files/logohead.png]
[northmartin.com/files/uno.png]
[northmartin.com/files/servicios.jpg]
[northmartin.com/files/logofooter.png]
[northmartin.com/index.html]
[assets.secure.checkout.visa.com/checkout-widget/resources/js/integration/v1/sdk.js]
[northmartin.com/files/bootstrap.min.css]
[northmartin.com/files/animate.css]
[northmartin.com/files/owl.carousel.css]
[northmartin.com/files/font-awesome.min.css]
[northmartin.com/files/magnific-popup.css]
[northmartin.com/files/slicknav.min.css]
[northmartin.com/files/flaticon.css]
[northmartin.com/files/background.jpg]
[northmartin.com/files/ojas.jpg]
[northmartin.com/files/styles.css]
[northmartin.com/files/responsive.css]
[northmartin.com/files/modernizr-2.8.3.min.js]
[northmartin.com/files/jquery-1.12.4.min.js]
[northmartin.com/files/bootstrap.min.js]
[northmartin.com/files/owl.carousel.min.js]
[northmartin.com/files/counterup.main.js]
[northmartin.com/files/imagesloaded.pkgd.min.js]
[northmartin.com/files/isotope.pkgd.min.js]
[northmartin.com/files/jquery.waypoints.min.js]
[northmartin.com/files/jquery.slicknav.min.js]
[northmartin.com/files/jquery.magnific-popup.min.js]
[northmartin.com/files/jquery.particleground.min.js]
[northmartin.com/files/wow.min.js]
[northmartin.com/files/plugins.js]
[northmartin.com/files/scripts.js]
[assets.secure.checkout.visa.com/checkout-widget/resources/js/integration/v1/sdk.js]
[northmartin.com/fonts/glyphicons-halflings-regular.html]
[northmartin.com/fonts/glyphicons-halflings-regulard41d.html]
[northmartin.com/fonts/glyphicons-halflings-regular-2.html]
[northmartin.com/fonts/glyphicons-halflings-regular-3.html]
[northmartin.com/fonts/glyphicons-halflings-regular-4.html]
[northmartin.com/fonts/glyphicons-halflings-regular-5.html]
[northmartin.com/files/owl.video.play.html]
[northmartin.com/fonts/fontawesome-webfont5b62.html]
[northmartin.com/fonts/fontawesome-webfontd41d.html]
[northmartin.com/fonts/fontawesome-webfont5b62-2.html]
[northmartin.com/fonts/fontawesome-webfont5b62-3.html]
[northmartin.com/fonts/fontawesome-webfont5b62-4.html]
[northmartin.com/fonts/fontawesome-webfont5b62-5.html]
[northmartin.com/fonts/Flaticon.html]
[northmartin.com/fonts/Flaticond41d.html]
[northmartin.com/fonts/Flaticon-2.html]
[northmartin.com/fonts/Flaticon-3.html]
[northmartin.com/fonts/Flaticon-4.html]
[northmartin.com/files/Flaticon.html]
[northmartin.com/images/bg/1.html]
[northmartin.com/images/about.html]
[northmartin.com/Popover requires tooltip.html]
[northmartin.com/es5-ext/string/index.html]
[northmartin.com/es5-ext/array/index.html]
[northmartin.com/lodash.html]
[northmartin.com/wallet-services-web/xo/button51ce.html]
